h1,h2,h3,h4,h5,h6{font-family:"Playfair Display",Georgia,"Times New Roman",serif}body{margin-top:20px;background-color:#f9f9f9}.background-white{background-color:#fff}.h-md-300{height:300px}img{width:200px;height:300px;object-fit:cover;object-position:0 0}.nounderline{text-decoration:none!important}.blog-footer{padding:2.5rem 0;color:#999;text-align:center;background-color:#f9f9f9;border-top:.05rem solid #e5e5e5}.blog-footer p:last-child{margin-bottom:0}